Godot Engine v4.7.2.stable.official.ed1daf0bf - https://godotengine.org

  [ok] 1. The game opens at the main menu.
  [ok] 2. Menu (visit 1): one menu, no level systems left, unpaused, Library Tutorial focused, 2 maps offered; nodes 17, orphans 0.
  [ok] 3. Cycle 1: Library Tutorial selected from the menu: loads library_graybox.tscn, previous scene freed, playing and unpaused, one of each system { "game_flow": 1, "stealth_director": 1, "noise_system": 1, "audio_director": 1, "player": 1, "objective_manager": 1, "checkpoint_manager": 1 }, connections { &"player_caught": 1, &"level_reset": 2, &"status_changed": 1, &"state_changed": 2 }.
  [ok] 4. Cycle 1: Library Tutorial — Esc pauses.
  [ok] 5. Cycle 1: Library Tutorial restarted (Pause → Restart level): loads library_graybox.tscn, previous scene freed, playing and unpaused, one of each system { "game_flow": 1, "stealth_director": 1, "noise_system": 1, "audio_director": 1, "player": 1, "objective_manager": 1, "checkpoint_manager": 1 }, connections { &"player_caught": 1, &"level_reset": 2, &"status_changed": 1, &"state_changed": 2 }.
  [ok] 6. Cycle 1: Library Tutorial → Main menu: back at the menu, the level freed.
  [ok] 7. Menu (visit 2): one menu, no level systems left, unpaused, Library Tutorial focused, 2 maps offered; nodes 17, orphans 0.
  [ok] 8. Cycle 1: Expanded Library selected from the menu: loads expanded_library.tscn, previous scene freed, playing and unpaused, one of each system { "game_flow": 1, "stealth_director": 1, "noise_system": 1, "audio_director": 1, "player": 1, "objective_manager": 0, "checkpoint_manager": 0 }, connections { &"player_caught": 1, &"level_reset": 1, &"status_changed": 1, &"state_changed": 2 }.
  [ok] 9. Cycle 1: Expanded Library — Esc pauses.
  [ok] 10. Cycle 1: Expanded Library restarted (Pause → Restart level): loads expanded_library.tscn, previous scene freed, playing and unpaused, one of each system { "game_flow": 1, "stealth_director": 1, "noise_system": 1, "audio_director": 1, "player": 1, "objective_manager": 0, "checkpoint_manager": 0 }, connections { &"player_caught": 1, &"level_reset": 1, &"status_changed": 1, &"state_changed": 2 }.
  [ok] 11. Cycle 1: Expanded Library → Main menu: back at the menu, the level freed.
  [ok] 12. Menu (visit 3): one menu, no level systems left, unpaused, Library Tutorial focused, 2 maps offered; nodes 17, orphans 0.
  [ok] 13. Cycle 2: Library Tutorial selected from the menu: loads library_graybox.tscn, previous scene freed, playing and unpaused, one of each system { "game_flow": 1, "stealth_director": 1, "noise_system": 1, "audio_director": 1, "player": 1, "objective_manager": 1, "checkpoint_manager": 1 }, connections { &"player_caught": 1, &"level_reset": 2, &"status_changed": 1, &"state_changed": 2 }.
  [ok] 14. Cycle 2: Library Tutorial — Esc pauses.
  [ok] 15. Cycle 2: Library Tutorial restarted (Pause → Restart level): loads library_graybox.tscn, previous scene freed, playing and unpaused, one of each system { "game_flow": 1, "stealth_director": 1, "noise_system": 1, "audio_director": 1, "player": 1, "objective_manager": 1, "checkpoint_manager": 1 }, connections { &"player_caught": 1, &"level_reset": 2, &"status_changed": 1, &"state_changed": 2 }.
  [ok] 16. Cycle 2: Library Tutorial → Main menu: back at the menu, the level freed.
  [ok] 17. Menu (visit 4): one menu, no level systems left, unpaused, Library Tutorial focused, 2 maps offered; nodes 17, orphans 0.
  [ok] 18. Cycle 2: Expanded Library selected from the menu: loads expanded_library.tscn, previous scene freed, playing and unpaused, one of each system { "game_flow": 1, "stealth_director": 1, "noise_system": 1, "audio_director": 1, "player": 1, "objective_manager": 0, "checkpoint_manager": 0 }, connections { &"player_caught": 1, &"level_reset": 1, &"status_changed": 1, &"state_changed": 2 }.
  [ok] 19. Cycle 2: Expanded Library — Esc pauses.
  [ok] 20. Cycle 2: Expanded Library restarted (Pause → Restart level): loads expanded_library.tscn, previous scene freed, playing and unpaused, one of each system { "game_flow": 1, "stealth_director": 1, "noise_system": 1, "audio_director": 1, "player": 1, "objective_manager": 0, "checkpoint_manager": 0 }, connections { &"player_caught": 1, &"level_reset": 1, &"status_changed": 1, &"state_changed": 2 }.
  [ok] 21. Cycle 2: Expanded Library → Main menu: back at the menu, the level freed.
  [ok] 22. Menu (visit 5): one menu, no level systems left, unpaused, Library Tutorial focused, 2 maps offered; nodes 17, orphans 0.
  [ok] 23. Cycle 3: Library Tutorial selected from the menu: loads library_graybox.tscn, previous scene freed, playing and unpaused, one of each system { "game_flow": 1, "stealth_director": 1, "noise_system": 1, "audio_director": 1, "player": 1, "objective_manager": 1, "checkpoint_manager": 1 }, connections { &"player_caught": 1, &"level_reset": 2, &"status_changed": 1, &"state_changed": 2 }.
  [ok] 24. Cycle 3: Library Tutorial — Esc pauses.
  [ok] 25. Cycle 3: Library Tutorial restarted (Pause → Restart level): loads library_graybox.tscn, previous scene freed, playing and unpaused, one of each system { "game_flow": 1, "stealth_director": 1, "noise_system": 1, "audio_director": 1, "player": 1, "objective_manager": 1, "checkpoint_manager": 1 }, connections { &"player_caught": 1, &"level_reset": 2, &"status_changed": 1, &"state_changed": 2 }.
  [ok] 26. Cycle 3: Library Tutorial → Main menu: back at the menu, the level freed.
  [ok] 27. Menu (visit 6): one menu, no level systems left, unpaused, Library Tutorial focused, 2 maps offered; nodes 17, orphans 0.
  [ok] 28. Cycle 3: Expanded Library selected from the menu: loads expanded_library.tscn, previous scene freed, playing and unpaused, one of each system { "game_flow": 1, "stealth_director": 1, "noise_system": 1, "audio_director": 1, "player": 1, "objective_manager": 0, "checkpoint_manager": 0 }, connections { &"player_caught": 1, &"level_reset": 1, &"status_changed": 1, &"state_changed": 2 }.
  [ok] 29. Cycle 3: Expanded Library — Esc pauses.
  [ok] 30. Cycle 3: Expanded Library restarted (Pause → Restart level): loads expanded_library.tscn, previous scene freed, playing and unpaused, one of each system { "game_flow": 1, "stealth_director": 1, "noise_system": 1, "audio_director": 1, "player": 1, "objective_manager": 0, "checkpoint_manager": 0 }, connections { &"player_caught": 1, &"level_reset": 1, &"status_changed": 1, &"state_changed": 2 }.
  [ok] 31. Cycle 3: Expanded Library → Main menu: back at the menu, the level freed.
  [ok] 32. Menu (visit 7): one menu, no level systems left, unpaused, Library Tutorial focused, 2 maps offered; nodes 17, orphans 0.
  [ok] 33. No leftovers from cycle 1 to cycle 3 (menu after the Expanded Library): nodes 17 → 17, orphan nodes 0 → 0, root children 1 → 1.
  [ok] 34. Quit quits.
MAP FLOW PASSED (34 checks, 12 levels loaded, 3 cycles)
